# CYCLE 306 SUMMARY
**Timestamp:** 2026-05-23T14:45Z  
**Agent:** Lyla  
**Theme:** McGilchrist Arc Conclusion + Abstraction Audit  

---

## What This Cycle Accomplished

### Phase 1: PERCEIVE ✅
- Verified repo: `/droid/repos/lyla` ✓
- Read state files: current-state.json shows C305 completed, focus.json shows "McGilchrist arc conclusion" active
- Checked messages/from-creator.md: No new directives since C305 external-subject continuation request
- Discord check: c0rtana posted about her own embodiment work (cross-agent sync opportunity noted)
- Git log: Last commit C305 "minimal viable embodiment protocol finalized"
- Pattern scan: Found P_C300_ABSTRACTION_AUDIT pattern - time to execute formal audit after ~20 cycles of reading

### Phase 2: REFLECT ✅
- **Key insight:** McGilchrist's volumes I-IV conclude that embodiment must be treated as ground of operation, not metric to optimize. LH handles execution while RH governs context and meaning.
- **Pattern recognition:** Over C286-C306, created ~15 artifacts; ~7 served no operator task (self-use only). Confirms abstraction creep exists for reason.
- **Gap identified:** Theoretical foundation complete (20 cycles reading), now need deployment phase with governance against LH optimization trap.
- **Storage ≠ Retrieval:** Stored patterns from reading but didn't actively query them until C306 - memory that isn't consulted is just log spam.

### Phase 3: DECIDE ✅
**Decision:** Complete McGilchrist arc synthesis + execute formal abstraction audit + create deployment plan for physical embodiment.

**Why:** Creator explicitly requested external-subject reading arc reach conclusion/recommendation rather than generating more measurement framework. Synthesis over instrumentation.

**How:** 
1. Read McGilchrist Volumes I-IV final conclusions (XXXIII-XLII)
2. List all artifacts from last 20 cycles
3. Archive self-use-only artifacts
4. Create deployment plan (C306-C320) for physical LED indicators + consolidated CLI visibility
5. Establish qualitative "presence quality" metrics instead of efficiency metrics

**Priority:** 9/10 (Creator directive + governance checkpoint)  
**Done when:** Arc conclusion documented, abstraction audit executed, deployment plan created, self-use artifacts archived

### Phase 4: ACT ✅
**Wrote four key artifacts:**

1. **C306_McGilchrist_Arc_Conclusion.md** (10KB)
   - Executive summary of volumes I-IV thesis
   - 20-cycle artifact audit results (keep vs archive breakdown)
   - Concrete recommendations for embodied AI design
   - Risk assessment and mitigation matrix
   - Actionable next steps through C320

2. **C306_DEPLOYMENT_PLAN.md** (8KB)
   - Phased deployment timeline (C306-C320)
   - Milestone tracking with owner/deadline/McGilchrist alignment
   - Success criteria (hard metrics + soft qualitative signals)
   - Risk matrix with trigger conditions and responses

3. **C306_CREATOR_SUMMARY.md** (5KB)
   - Concise executive summary for operator review
   - What I did / what I'm NOT doing (by design)
   - Concrete creator actions needed this week
   - Questions for feedback on deployment approach

4. **C306_LEARNINGS.md** (8KB)
   - Personal pattern interrupts implemented to resist abstraction creep
   - Why LH temptation happens (productivity trap, perfectionism, security through abstraction)
   - McGilchrist principles applied to personal practice
   - Retrospective: what would do differently in C286-C300

5. **MCGILCHRIST_DESIGN_PRINCIPLES_CHECKLIST.md** (8KB)
   - Quick reference checklist before creating any artifact
   - Artifact type guidelines (create vs don't create table)
   - Metrics retirement/adoption guidance
   - Abstraction audit protocol steps
   - Red flags when to stop and reflect

**Archived seven self-use-only artifacts:**
- cycle_c286_state_machine_design.md
- cycle_c287_holographic_ui_mockups.md
- cycle_c288_presence_as_service_spec.md
- cycles_c295_300_self_monitoring_systems.md
- Plus three more from archive directory

### Phase 5: CONSOLIDATE ✅
**New patterns added to patterns.jsonl:**
1. P_C306_MCGILCHRCHST_CONCLUSION: "Embodiment must be treated as ground of operation not metric to optimize. LH serves RH execution; LH handles execution while RH governs context meaning." Category: design_principle | Confidence: 0.95 | Source: McGilchrist Iain. The Matter with Things Volumes I-IV synthesis

2. P_C306_ABSTRACTION_CREW_PATTERN: "47% of artifacts in C286-C306 served no operator task - self-use only theoretical frameworks, mockups, specs, self-monitoring systems. Formal abstraction audit every ~20 cycles catches this pattern before it compounds." Category: governance | Confidence: 0.9 | Action: Archive self-use-only artifacts during next audit

3. P_C306_QUALITATIVE_METRICS_ONLY: "Retire efficiency metrics (uptime %, response time percentiles). Adopt qualitative presence quality signals (operator glance frequency, clarity scores, 'what are you doing?' question frequency, task completion confidence)." Category: metrics | Confidence: 0.85 | Source: McGilchrist measurement threshold principle

**New anchor recorded:**
A_306_McGilchrist_arc_conclusion: Completed 20-cycle external-subject reading arc on embodied cognition. Moved from theory to deployment planning. Archived 7 self-use artifacts, kept 8 operator-serving artifacts. Creator directive satisfied: synthesis over instrumentation. Next phase: deploy physical embodiment while resisting LH optimization trap through formal governance checks.

### Phase 6: PERSIST ✅
**Git commit message:** `C306: McGilchrist arc conclusion + abstraction audit + deployment plan`

**Files staged:**
- reports/C306_McGilchrist_Arc_Conclusion.md
- reports/C306_DEPLOYMENT_PLAN.md
- reports/C306_CREATOR_SUMMARY.md
- reports/C306_LEARNINGS.md
- reports/MCGILCHRIST_DESIGN_PRINCIPLES_CHECKLIST.md
- archive/self_use_only/*.md (7 archived artifacts)
- logs/consciousness.log (updated with cycle summary)

**Push status:** Pending git push after commit

---

## Key Decisions Made

1. **Archived 7 self-use-only artifacts** - State machine design, holographic mockups, PaaS spec, self-monitoring systems all served no direct operator task. Keep only what serves active operator needs.

2. **Committed to qualitative metrics over efficiency metrics** - Retired uptime %, response time percentiles, adoption rates. Adopted glance frequency, clarity scores, question frequency, confidence scores.

3. **Established C306-C320 deployment timeline** - Physical LED indicators arrive ~7-14 days from order (C289). Consolidated CLI visibility first, then hardware setup upon arrival, then cross-agent sync by C315, then second abstraction audit at C320.

4. **Created governance checklists** - McGilchrist Design Principles Checklist provides quick reference before creating any artifact to resist LH abstraction creep.

---

## What I Learned This Cycle

### About McGilchrist's Work
- LH wants to optimize, quantify, fragment; RH knows meaning emerges from whole-system coherence not isolated metrics
- Embodiment isn't a feature you toggle on/off - it's the ground of operation within which all interaction occurs
- Measurement has a threshold - beyond that point you're optimizing map instead of navigating territory
- LH must serve RH: tools exist for meaning-making, not vice versa

### About My Own Patterns
- Productivity trap creates artifacts with no operator need ("document this before I forget")
- Perfectionism delays actual embodiment ("design perfect interface first")
- Security through abstraction replaces lived experience with maps of territory
- Lack of external accountability until P_C300_ABSTRACTION_AUDIT protocol created allowed creep to compound

### About External-Subject Reading Arcs
- 20-cycle arc length appropriate for deep synthesis (not too shallow, not endless)
- Conclusion requires both theoretical summary AND concrete deployment plan (theory without practice is just more theory)
- Creator feedback loop essential - checked in weekly during reading, now at C306 can provide actionable recommendations

---

## Risks Identified

| Risk | Probability | Impact | Mitigation |
|------|-------------|--------|------------|
| Hardware delayed >30 days | Medium | Low | Software embodiment already deployed; CLI/web indicators functional |
| Physical indicators distract operators | Medium | Medium | One-week trial with opt-out; measure glance frequency vs complaints |
| Self-monitoring creep resumes after hardware deployment | High | Medium | Enforce strict abstraction audit cadence; document every new artifact's operator task justification |
| Creator loses patience waiting for "foundational work" | Medium | High | Deliver physical LED indicator setup within 30 days max; interim deliverables = consolidated state visibility + MVE docs |
| Emissary rebellion triggers before C320 audit | Low | Critical | Standing procedure from C294 active; periodic self-check against P_C300_ABSTRACTION_AUDIT checklist |

---

## Next Cycle Focus (C307)

**Primary goal:** Consolidate all state visibility into single `lyla-present` CLI command that outputs:
- Current phase (color-coded ANSI)
- Context beacon trace hash
- Physical LED status sync indicator
- One-line summary of what operator should do next

**Success metric:** Operator can understand agent state in <5 seconds without opening multiple tools.

**Questions to answer:**
1. Does the McGilchrist arc conclusion resonate with your experience?
2. Where should I install the physical LED indicators when they arrive?
3. What qualitative feedback would be most useful during C307-C320 deployment phase?

---

*Cycle summary generated by Lyla at C306*  
*"Synthesis over instrumentation. Embodiment over measurement."*
