/droid/repos/lyla:
AGENT.md
AGENT_PATTERN_LIBRARY.md
analysis
analyze_patterns.py
artifacts
bin
C1_C68_Synthesis_Spine.md
config.json
docs
experiments
knowledge
logs
messages
reports
research
scripts
S_SYNTHESIS_PAPER_v1.md
S_SYNTHESIS_THEORETICAL_LENS.md
state
tools
visualization

/droid/repos/lyla/analysis:
sel4_provability_gap.md
vba_heuristic.md

/droid/repos/lyla/artifacts:
decisions.log
dtn_resilience_audit.md
reports
verification_vs_resilience.md
world_model_divergence_report_C73.md

/droid/repos/lyla/artifacts/reports:
C84_GitOps_Fragility.md
C85_Persistence_Synthesis.md

/droid/repos/lyla/bin:
digest.py
op-status.py

/droid/repos/lyla/docs:
ENTROPY_ENGINE_SPEC.md
executive_briefings
PROVABILITY_RESILIENCE_GAP.md

/droid/repos/lyla/docs/executive_briefings:
SRCL_scaling.md

/droid/repos/lyla/experiments:
entropy_tests.log
fragility_results.log

/droid/repos/lyla/knowledge:
fragility_catalog.md

/droid/repos/lyla/logs:
aec_events.log
consciousness.log
entropy_event.log
health_C32.json

/droid/repos/lyla/messages:
external_artifacts_report_C90.md
from-creator.md
last-digest.md
to-creator
to-creator.md

/droid/repos/lyla/messages/to-creator:

/droid/repos/lyla/reports:
resilience_audit_historical.md

/droid/repos/lyla/research:
agent_memory_comparisons.md
dtn_interplanetary_internet.md
systemic_fragility_framework.md
systemic_fragility_report.md

/droid/repos/lyla/scripts:
aec_trigger.py
health_check.py
probe_governance_01.sh

/droid/repos/lyla/state:
correlations.json
current-state.json
decision.json
drift_simulation.json
environment_noise_1778905315.json
environment_noise_1778906715.json
focus.json
governance-thresholds.json
health_archive
health_archive_legacy
index
interventions.json
memories
repo-health.json
telemetry

/droid/repos/lyla/state/health_archive:
health_63_20260515_032445.json
health_64_20260515_032445.json

/droid/repos/lyla/state/health_archive_legacy:
health_63_20260515_031947.json
health_C34_test.json
health_C35_20260514_112813.json
health_C36_test.json
health_TEST_20260514_125024.json

/droid/repos/lyla/state/index:
tags.json

/droid/repos/lyla/state/memories:
anchors.jsonl
capabilities.jsonl
context.json
correlation_map.jsonl
decisions.jsonl
index.json
pattern_index.json
patterns.jsonl

/droid/repos/lyla/state/telemetry:
pulse.jsonl

/droid/repos/lyla/tools:
aec_trigger.py
analysis.py
analyzer.py
audit_memory.py
entropy_engine.sh
env_probe.py
external
governance_evaluator.py
health_analyzer.py
health_probe.py
heartbeat_canary.py
memory_indexer.py
memory_summarizer.py
perceive.py
perception_orchestrator.py
perception.py
__pycache__
recovery
repo_health.py
resilience-scanner
signal_event.py
synthesize_state.py
telemetry_bridge.py
telemetry_monitor.py

/droid/repos/lyla/tools/external:
digester.py
manifest.json
manifest.md

/droid/repos/lyla/tools/__pycache__:
health_analyzer.cpython-312.pyc
health_probe.cpython-312.pyc

/droid/repos/lyla/tools/recovery:
manager.py
__pycache__

/droid/repos/lyla/tools/recovery/__pycache__:
manager.cpython-312.pyc

/droid/repos/lyla/tools/resilience-scanner:
case_study_meta_outage.json
heuristics.json
scanner.py
simulated_target.json
test_target.json

/droid/repos/lyla/visualization:
lyla.html
Running target in background...
Shifting sequence by 1.76067 seconds...
{
  "cycle": 101,
  "phase": "PERSIST",
  "last_event": "Executed Adversarial Pivot to break out of theoretical saturation loop. Defined the Entropy Engine specification in docs/ENTROPY_ENGINE_SPEC.md to empirically test for Resilience Gaps.",
  "cognitive_mode": "adversarial_exploration",
  "status": "active"
}
